2026-09-19 04:32:59.538: [INFO] CurrentProfilePath: D:\unity\XiangMu\Roguelike\Docs\Design\_tools\ep_2446110156\Default
2026-09-19 04:32:59.538: [INFO] Profiles total count: 1
2026-09-19 04:32:59.538: [INFO] Profile: name=用户配置 1 path=D:\unity\XiangMu\Roguelike\Docs\Design\_tools\ep_2446110156\Default lastActive=2026-09-19T04:32:59.523Z
2026-09-19 04:32:59.538: [INFO] LastUsedProfileDir: D:\unity\XiangMu\Roguelike\Docs\Design\_tools\ep_2446110156\Default
2026-09-19 04:32:59.538: [INFO] MostRecentlyActiveProfile: name=用户配置 1 path=D:\unity\XiangMu\Roguelike\Docs\Design\_tools\ep_2446110156\Default lastActive=2026-09-19T04:32:59.523Z
2026-09-19 04:32:59.538: [INFO] OnDoneLoading sync enabled: 0
2026-09-19 04:32:59.538: [INFO] BookmarkModelLoaded, ids_reassigned: 0
2026-09-19 04:32:59.538: [INFO] BookmarksLoadDropped droppedNodes=0
2026-09-19 04:32:59.538: [INFO] BookmarksSnapshot Startup total=0 bar=0 other=0 mobile=0 showBar=0 showBarNTP=1
2026-09-19 04:32:59.541: [INFO] RecordSyncInitDuration has_sync_been_enabled: 0 state: 0
2026-09-19 04:32:59.753: [INFO] VisibilityChanged: 0
2026-09-19 04:33:00.512: [INFO] RecordSyncInitDuration has_sync_been_enabled: 0 state: 0
2026-09-19 04:33:00.515: [INFO] RecordSyncInitDuration has_sync_been_enabled: 0 state: 3
2026-09-19 04:33:00.517: [INFO] Primary account changed.
2026-09-19 04:33:00.517: [INFO] OnPrimaryAccountChanged PrimaryAccountChangeEvent::Type::kSet
2026-09-19 04:33:00.531: [INFO] RecordSyncInitDuration has_sync_been_enabled: 0 state: 3
2026-09-19 04:33:00.546: [INFO] RecordSyncInitDuration has_sync_been_enabled: 0 state: 3
2026-09-19 04:33:02.651: [INFO] BookmarkNodeAdded, ABU: 0
2026-09-19 04:33:02.652: [INFO] BookmarkNodeAdded, ABU: 0
2026-09-19 04:33:02.652: [INFO] BookmarkNodeAdded, ABU: 0
2026-09-19 04:33:02.652: [INFO] BookmarkNodeAdded, ABU: 0
2026-09-19 04:33:02.652: [INFO] BookmarkNodeAdded, ABU: 0
2026-09-19 04:33:02.652: [INFO] BookmarkNodeAdded, ABU: 0
2026-09-19 04:33:02.653: [INFO] BookmarkNodeAdded, ABU: 0
2026-09-19 04:33:02.653: [INFO] BookmarkNodeAdded, ABU: 0
2026-09-19 04:33:02.653: [INFO] BookmarkNodeAdded, ABU: 0
2026-09-19 04:33:02.653: [INFO] BookmarkNodeAdded, ABU: 0
2026-09-19 04:33:02.654: [INFO] BookmarkNodeAdded, ABU: 0
2026-09-19 04:33:02.941: [INFO] Sync initialization duration: 2300ms
2026-09-19 04:35:13.465: [INFO] BookmarksSnapshot Shutdown total=11 bar=11 other=0 mobile=0 showBar=0 showBarNTP=1
