2026-09-19 04:28:02.077: [INFO] CurrentProfilePath: D:\unity\XiangMu\Roguelike\Docs\Design\_tools\edge_28424\Default
2026-09-19 04:28:02.077: [INFO] Profiles total count: 1
2026-09-19 04:28:02.077: [INFO] Profile: name=用户配置 1 path=D:\unity\XiangMu\Roguelike\Docs\Design\_tools\edge_28424\Default lastActive=2026-09-19T04:28:02.062Z
2026-09-19 04:28:02.077: [INFO] LastUsedProfileDir: D:\unity\XiangMu\Roguelike\Docs\Design\_tools\edge_28424\Default
2026-09-19 04:28:02.077: [INFO] MostRecentlyActiveProfile: name=用户配置 1 path=D:\unity\XiangMu\Roguelike\Docs\Design\_tools\edge_28424\Default lastActive=2026-09-19T04:28:02.062Z
2026-09-19 04:28:02.077: [INFO] OnDoneLoading sync enabled: 0
2026-09-19 04:28:02.077: [INFO] BookmarkModelLoaded, ids_reassigned: 0
2026-09-19 04:28:02.077: [INFO] BookmarksLoadDropped droppedNodes=0
2026-09-19 04:28:02.077: [INFO] BookmarksSnapshot Startup total=0 bar=0 other=0 mobile=0 showBar=0 showBarNTP=1
2026-09-19 04:28:02.080: [INFO] RecordSyncInitDuration has_sync_been_enabled: 0 state: 0
2026-09-19 04:28:02.288: [INFO] VisibilityChanged: 0
2026-09-19 04:28:02.921: [INFO] RecordSyncInitDuration has_sync_been_enabled: 0 state: 0
2026-09-19 04:28:02.925: [INFO] RecordSyncInitDuration has_sync_been_enabled: 0 state: 3
2026-09-19 04:28:02.927: [INFO] Primary account changed.
2026-09-19 04:28:02.927: [INFO] OnPrimaryAccountChanged PrimaryAccountChangeEvent::Type::kSet
2026-09-19 04:28:02.934: [INFO] RecordSyncInitDuration has_sync_been_enabled: 0 state: 3
2026-09-19 04:28:02.948: [INFO] RecordSyncInitDuration has_sync_been_enabled: 0 state: 3
2026-09-19 04:28:05.167: [INFO] BookmarkNodeAdded, ABU: 0
2026-09-19 04:28:05.167: [INFO] BookmarkNodeAdded, ABU: 0
2026-09-19 04:28:05.167: [INFO] BookmarkNodeAdded, ABU: 0
2026-09-19 04:28:05.167: [INFO] BookmarkNodeAdded, ABU: 0
2026-09-19 04:28:05.167: [INFO] BookmarkNodeAdded, ABU: 0
2026-09-19 04:28:05.168: [INFO] BookmarkNodeAdded, ABU: 0
2026-09-19 04:28:05.168: [INFO] BookmarkNodeAdded, ABU: 0
2026-09-19 04:28:05.168: [INFO] BookmarkNodeAdded, ABU: 0
2026-09-19 04:28:05.168: [INFO] BookmarkNodeAdded, ABU: 0
2026-09-19 04:28:05.169: [INFO] BookmarkNodeAdded, ABU: 0
2026-09-19 04:28:05.169: [INFO] BookmarkNodeAdded, ABU: 0
2026-09-19 04:28:05.464: [INFO] Sync initialization duration: 2428ms
2026-09-19 04:30:35.154: [INFO] BookmarksSnapshot Shutdown total=11 bar=11 other=0 mobile=0 showBar=0 showBarNTP=1
