2026-09-19 04:30:45.960: [INFO] CurrentProfilePath: D:\unity\XiangMu\Roguelike\Docs\Design\_tools\ep_2483900\Default
2026-09-19 04:30:45.960: [INFO] Profiles total count: 1
2026-09-19 04:30:45.960: [INFO] Profile: name=用户配置 1 path=D:\unity\XiangMu\Roguelike\Docs\Design\_tools\ep_2483900\Default lastActive=2026-09-19T04:30:45.946Z
2026-09-19 04:30:45.960: [INFO] LastUsedProfileDir: D:\unity\XiangMu\Roguelike\Docs\Design\_tools\ep_2483900\Default
2026-09-19 04:30:45.960: [INFO] MostRecentlyActiveProfile: name=用户配置 1 path=D:\unity\XiangMu\Roguelike\Docs\Design\_tools\ep_2483900\Default lastActive=2026-09-19T04:30:45.946Z
2026-09-19 04:30:45.960: [INFO] OnDoneLoading sync enabled: 0
2026-09-19 04:30:45.960: [INFO] BookmarkModelLoaded, ids_reassigned: 0
2026-09-19 04:30:45.960: [INFO] BookmarksLoadDropped droppedNodes=0
2026-09-19 04:30:45.960: [INFO] BookmarksSnapshot Startup total=0 bar=0 other=0 mobile=0 showBar=0 showBarNTP=1
2026-09-19 04:30:45.963: [INFO] RecordSyncInitDuration has_sync_been_enabled: 0 state: 0
2026-09-19 04:30:46.147: [INFO] VisibilityChanged: 0
2026-09-19 04:30:47.714: [INFO] RecordSyncInitDuration has_sync_been_enabled: 0 state: 0
2026-09-19 04:30:47.717: [INFO] RecordSyncInitDuration has_sync_been_enabled: 0 state: 3
2026-09-19 04:30:47.719: [INFO] Primary account changed.
2026-09-19 04:30:47.719: [INFO] OnPrimaryAccountChanged PrimaryAccountChangeEvent::Type::kSet
2026-09-19 04:30:47.728: [INFO] RecordSyncInitDuration has_sync_been_enabled: 0 state: 3
2026-09-19 04:30:47.743: [INFO] RecordSyncInitDuration has_sync_been_enabled: 0 state: 3
2026-09-19 04:30:51.642: [INFO] BookmarkNodeAdded, ABU: 0
2026-09-19 04:30:51.643: [INFO] BookmarkNodeAdded, ABU: 0
2026-09-19 04:30:51.643: [INFO] BookmarkNodeAdded, ABU: 0
2026-09-19 04:30:51.643: [INFO] BookmarkNodeAdded, ABU: 0
2026-09-19 04:30:51.643: [INFO] BookmarkNodeAdded, ABU: 0
2026-09-19 04:30:51.643: [INFO] BookmarkNodeAdded, ABU: 0
2026-09-19 04:30:51.644: [INFO] BookmarkNodeAdded, ABU: 0
2026-09-19 04:30:51.644: [INFO] BookmarkNodeAdded, ABU: 0
2026-09-19 04:30:51.644: [INFO] BookmarkNodeAdded, ABU: 0
2026-09-19 04:30:51.644: [INFO] BookmarkNodeAdded, ABU: 0
2026-09-19 04:30:51.644: [INFO] BookmarkNodeAdded, ABU: 0
2026-09-19 04:30:51.814: [INFO] BookmarksSnapshot Shutdown total=11 bar=11 other=0 mobile=0 showBar=0 showBarNTP=1
